mysql> USE gregs_list;
Reading table information for completion of table and column names
You can turn off this feature to get a quicker startup with -A

Database changed
mysql> SELECT * FROM fish_info;
+-----------------+---------------+----------------------+------------+
| common          | species       | location             | weight     |
+-----------------+---------------+----------------------+------------+
| bass,largemouth | M.salmoides   | Montgomery Lake,GA   | 22 lb 4 oz |
| walleye         | S.vitreus     | Old Hickory Lake, TN | 25 lb 0 oz |
| trout,cutthroat | O.Clarki      | Pyramid Lake,NV      | 41 lb 0 oz |
| perch,yellow    | P.Flavescens  | Bordentown,NJ        | 4 lb 3 oz  |
| bluegill        | L.Macrochirus | Ketona Lake,AL       | 4 lb 12 oz |
| gar,longnose    | L.osseus      | Trinity River,TX     | 50 lb 5 oz |
| crappie,white   | P.annularis   | Enid Dam,MS          | 5 lb 3 oz  |
| pickerel,grass  | E.americanus  | Dewart Lake,IN       | 1 lb 0 oz  |
| goldfish        | C.auratus     | Lake Hodges,CA       | 6 lb 10 oz |
| salmon,chinook  | O.Tshawytscha | Kenai River,AK       | 97 lb 4 oz |
+-----------------+---------------+----------------------+------------+
10 rows in set (0.01 sec)

mysql> CREATE TABLE fish_records
    -> (first_name VARCHAR(10),
    -> last_name VARCHAR(20),
    -> common VARCHAR(20),
    -> location VARCHAR(30),
    -> state CHAR(2),
    -> weight VARCHAR(20),
    -> date DATE);
Query OK, 0 rows affected (0.04 sec)

mysql> INSERT INTO fish_records VALUES ('George','Perry','bass,largemouth','Montgomery Lake','GA','22 lb 4 oz','1932-06-02');
Query OK, 1 row affected (0.01 sec)

mysql> INSERT INTO fish_records VALUES ('Mabry','Harper','walleye','Old Hickory Lake','TN','25 lb 0 oz','1960-08-02');
Query OK, 1 row affected (0.01 sec)

mysql> INSERT INTO fish_records VALUES ('John','Skimmerhorn','trout,cutthroat','Pyramid Lake','NV','41 lb 0 oz','1925-12-01');
Query OK, 1 row affected (0.00 sec)

mysql> INSERT INTO fiwh_records VALUES ('C.C.','Abbot','perch,yellow','Bordentown','NJ','4 lb 3 oz','1865-05-01');
ERROR 1146 (42S02): Table 'gregs_list.fiwh_records' doesn't exist
mysql> INSERT INTO fish_records VALUES ('C.C.','Abbot','perch,yellow','Bordentown','NJ','4 lb 3 oz','1865-05-01');
Query OK, 1 row affected (0.01 sec)

mysql> INSERT INTO fish_records VALUES ('T.S.','Hudson','bluegill','Ketona Lake','AL','4 lb 12 oz','1950-04-09');
Query OK, 1 row affected (0.00 sec)

mysql> INSERT INTO fish_records VALUES ('Townsend','Miler','gar,longnose','Trinity River','TX','50 lb 5 oz','1954-07-30');
Query OK, 1 row affected (0.01 sec)

mysql> INSERT INTO fish_records VALUES ('Fred','Bright','crappie,white','Enid Dam','MS','5 lb 3 oz','1957-07-31');
Query OK, 1 row affected (0.00 sec)

mysql> INSERT INTO fish_records VALUES ('Mike','Berg','pickerel,grass','Dewart Lake','IN','1 lb 0 oz','1990-06-09');
Query OK, 1 row affected (0.01 sec)

mysql> INSERT INTO fish_records VALUES ('Florentino','Abena','goldfish','Lake Hodges','CA','6 lb 10 oz','1996-04-17');
Query OK, 1 row affected (0.01 sec)

mysql> INSERT INTO fish_records VALUES ('Les','Anderson','salmon, chinook','Kenai River','AK','97 lb 4 oz','1985-05-17');
Query OK, 1 row affected (0.01 sec)

mysql> SELECT * FROM fish_records;
+------------+-------------+-----------------+------------------+-------+------------+------------+
| first_name | last_name   | common          | location         | state | weight     | date       |
+------------+-------------+-----------------+------------------+-------+------------+------------+
| George     | Perry       | bass,largemouth | Montgomery Lake  | GA    | 22 lb 4 oz | 1932-06-02 |
| Mabry      | Harper      | walleye         | Old Hickory Lake | TN    | 25 lb 0 oz | 1960-08-02 |
| John       | Skimmerhorn | trout,cutthroat | Pyramid Lake     | NV    | 41 lb 0 oz | 1925-12-01 |
| C.C.       | Abbot       | perch,yellow    | Bordentown       | NJ    | 4 lb 3 oz  | 1865-05-01 |
| T.S.       | Hudson      | bluegill        | Ketona Lake      | AL    | 4 lb 12 oz | 1950-04-09 |
| Townsend   | Miler       | gar,longnose    | Trinity River    | TX    | 50 lb 5 oz | 1954-07-30 |
| Fred       | Bright      | crappie,white   | Enid Dam         | MS    | 5 lb 3 oz  | 1957-07-31 |
| Mike       | Berg        | pickerel,grass  | Dewart Lake      | IN    | 1 lb 0 oz  | 1990-06-09 |
| Florentino | Abena       | goldfish        | Lake Hodges      | CA    | 6 lb 10 oz | 1996-04-17 |
| Les        | Anderson    | salmon, chinook | Kenai River      | AK    | 97 lb 4 oz | 1985-05-17 |
+------------+-------------+-----------------+------------------+-------+------------+------------+
10 rows in set (0.00 sec)

mysql> SELECT * FROM fish_records WHERE state='NJ';
+------------+-----------+--------------+------------+-------+-----------+------------+
| first_name | last_name | common       | location   | state | weight    | date       |
+------------+-----------+--------------+------------+-------+-----------+------------+
| C.C.       | Abbot     | perch,yellow | Bordentown | NJ    | 4 lb 3 oz | 1865-05-01 |
+------------+-----------+--------------+------------+-------+-----------+------------+
1 row in set (0.00 sec)

mysql> SELECT * FROM fish_records WHERE location='%,NJ';
Empty set (0.00 sec)

mysql> SELECT * FROM fish_info WHERE location='%,NJ';
Empty set (0.00 sec)

mysql> SELECT * FROM fish_info WHERE location LIKE '%,NJ';
+--------------+--------------+---------------+-----------+
| common       | species      | location      | weight    |
+--------------+--------------+---------------+-----------+
| perch,yellow | P.Flavescens | Bordentown,NJ | 4 lb 3 oz |
+--------------+--------------+---------------+-----------+
1 row in set (0.00 sec)

mysql> SHOW CREATE TABLE my_contacts;
+-------------+--------------------------------------------------------------------------------------------------------------------------------------------------------------------------------------------------------------------------------------------------------------------------------------------------------------------------------------------------------------------------------------------------------------------------------------------------+
| Table       | Create Table                                                                                                                                                                                                                                                                                                                                                                                                                                     |
+-------------+--------------------------------------------------------------------------------------------------------------------------------------------------------------------------------------------------------------------------------------------------------------------------------------------------------------------------------------------------------------------------------------------------------------------------------------------------+
| my_contacts | CREATE TABLE `my_contacts` (
  `last_name` varchar(30) NOT NULL,
  `first_name` varchar(20) NOT NULL,
  `email` varchar(50) NOT NULL,
  `gender` char(1) NOT NULL,
  `birthday` date NOT NULL,
  `profession` varchar(50) NOT NULL,
  `location` varchar(50) NOT NULL,
  `status` varchar(50) NOT NULL,
  `interests` varchar(50) NOT NULL,
  `seeking` varchar(100) NOT NULL
) ENGINE=InnoDB DEFAULT CHARSET=utf8mb4 COLLATE=utf8mb4_0900_ai_ci |
+-------------+--------------------------------------------------------------------------------------------------------------------------------------------------------------------------------------------------------------------------------------------------------------------------------------------------------------------------------------------------------------------------------------------------------------------------------------------------+
1 row in set (0.00 sec)

mysql> CREATE TABLE my_contacts2
    -> (contact_id INT NOT NULL AUTO_INCREMENT,
    -> last_name VARCHAR(30) default NULL,
    -> first_name VARCHAR(20) default NULL,
    -> email VARCHAR(50) default NULL,
    -> gender CHAR(1) default NULL,
    -> birthday DATE default NULL,
    -> profession VARCHAR(50) default NULL,
    -> location VARCHAR(50) default NULL,
    -> status VARCHAR(20) default NULL,
    -> interest VARCHAR(100) default NULL,
    -> seeking VARCHAR(100) default NULL,
    -> PRIMARY KEY(contact_id));
Query OK, 0 rows affected (0.02 sec)

mysql> SELECT * FROM my_contacts2;
Empty set (0.01 sec)

mysql> DESCRIBE my_contacts2;
+------------+--------------+------+-----+---------+----------------+
| Field      | Type         | Null | Key | Default | Extra          |
+------------+--------------+------+-----+---------+----------------+
| contact_id | int(11)      | NO   | PRI | NULL    | auto_increment |
| last_name  | varchar(30)  | YES  |     | NULL    |                |
| first_name | varchar(20)  | YES  |     | NULL    |                |
| email      | varchar(50)  | YES  |     | NULL    |                |
| gender     | char(1)      | YES  |     | NULL    |                |
| birthday   | date         | YES  |     | NULL    |                |
| profession | varchar(50)  | YES  |     | NULL    |                |
| location   | varchar(50)  | YES  |     | NULL    |                |
| status     | varchar(20)  | YES  |     | NULL    |                |
| interest   | varchar(100) | YES  |     | NULL    |                |
| seeking    | varchar(100) | YES  |     | NULL    |                |
+------------+--------------+------+-----+---------+----------------+
11 rows in set (0.01 sec)

mysql> CREATE TABLE your_table
    -> (id INT NOT NULL AUTO_INCREMENT,
    -> first_name VARCHAR(20) default NULL,
    -> last_name VARCHAR(30) default NULL,
    -> PRIMARY KEY (id));
Query OK, 0 rows affected (0.01 sec)

mysql> INSERT INTO your_table VALUES(NULL,'Marcia','Brady');
Query OK, 1 row affected (0.01 sec)

mysql> INSERT INTO your_table VALUES(1,'Jan','Brady');
ERROR 1062 (23000): Duplicate entry '1' for key 'PRIMARY'
mysql> INSERT INTO your_table VALUES(2,'Bobby','Brady');
Query OK, 1 row affected (0.00 sec)

mysql> INSERT INTO your_table (first_name, last_name) VALUES ('Cindy','Brady');
Query OK, 1 row affected (0.00 sec)

mysql> INSERT INTO your_table VALUES (99,'Peter','Brady');
Query OK, 1 row affected (0.01 sec)

mysql> SELECT * FROM your_table;
+----+------------+-----------+
| id | first_name | last_name |
+----+------------+-----------+
|  1 | Marcia     | Brady     |
|  2 | Bobby      | Brady     |
|  3 | Cindy      | Brady     |
| 99 | Peter      | Brady     |
+----+------------+-----------+
4 rows in set (0.00 sec)

mysql> ALTER TABLE my_contacts
    -> ADD COLUMN contact_id INT NOT NULL AUTO_INCREMENT FIRST,
    -> ADD PRIMARY KEY (contact_id);
Query OK, 0 rows affected (0.16 sec)
Records: 0  Duplicates: 0  Warnings: 0

mysql> DESCRIBE mycontacts;
ERROR 1146 (42S02): Table 'gregs_list.mycontacts' doesn't exist
mysql> DESCRIBES my_contacts;
ERROR 1064 (42000): You have an error in your SQL syntax; check the manual that corresponds to your MySQL server version for the right syntax to use near 'DESCRIBES my_contacts' at line 1
mysql> DESCRIBE my_contacts;
+------------+--------------+------+-----+---------+----------------+
| Field      | Type         | Null | Key | Default | Extra          |
+------------+--------------+------+-----+---------+----------------+
| contact_id | int(11)      | NO   | PRI | NULL    | auto_increment |
| last_name  | varchar(30)  | NO   |     | NULL    |                |
| first_name | varchar(20)  | NO   |     | NULL    |                |
| email      | varchar(50)  | NO   |     | NULL    |                |
| gender     | char(1)      | NO   |     | NULL    |                |
| birthday   | date         | NO   |     | NULL    |                |
| profession | varchar(50)  | NO   |     | NULL    |                |
| location   | varchar(50)  | NO   |     | NULL    |                |
| status     | varchar(50)  | NO   |     | NULL    |                |
| interests  | varchar(50)  | NO   |     | NULL    |                |
| seeking    | varchar(100) | NO   |     | NULL    |                |
+------------+--------------+------+-----+---------+----------------+
11 rows in set (0.00 sec)

mysql> SELECT * FROM my_contacts;
+------------+-----------+------------+------------------------------+--------+------------+------------------+------------------+--------+--------------------+----------------------------+
| contact_id | last_name | first_name | email                        | gender | birthday   | profession       | location         | status | interests          | seeking                    |
+------------+-----------+------------+------------------------------+--------+------------+------------------+------------------+--------+--------------------+----------------------------+
|          1 | Anderson  | Jillian    | jillian@breakneckpizza.com   | F      | 1980-09-05 | Technical Writer | palo alto,CA     | single | Kayaking, Reptiles | Relationship,Friends       |
|          2 | Funyon    | Steve      | steve@onionflavoredrings.com | M      | 1970-04-01 | Punk             | Grover's Mill,NJ | Single | smashing the state | compatriots, guitarplayers |
+------------+-----------+------------+------------------------------+--------+------------+------------------+------------------+--------+--------------------+----------------------------+
2 rows in set (0.00 sec)
